Success formatting namespace:1
meta-data=/dev/nvme5n1           isize=512    agcount=4, agsize=61047662 blks
         =                       sectsz=512   attr=2, projid32bit=1
         =                       crc=1        finobt=1, sparse=1, rmapbt=0
         =                       reflink=1
data     =                       bsize=4096   blocks=244190646, imaxpct=25
         =                       sunit=0      swidth=0 blks
naming   =version 2              bsize=4096   ascii-ci=0, ftype=1
log      =internal log           bsize=4096   blocks=119233, version=2
         =                       sectsz=512   sunit=0 blks, lazy-count=1
realtime =none                   extsz=4096   blocks=0, rtextents=0
Success formatting namespace:1
meta-data=/dev/nvme5n1           isize=512    agcount=4, agsize=61047662 blks
         =                       sectsz=512   attr=2, projid32bit=1
         =                       crc=1        finobt=1, sparse=1, rmapbt=0
         =                       reflink=1
data     =                       bsize=4096   blocks=244190646, imaxpct=25
         =                       sunit=0      swidth=0 blks
naming   =version 2              bsize=4096   ascii-ci=0, ftype=1
log      =internal log           bsize=4096   blocks=119233, version=2
         =                       sectsz=512   sunit=0 blks, lazy-count=1
realtime =none                   extsz=4096   blocks=0, rtextents=0
Success formatting namespace:1
meta-data=/dev/nvme5n1           isize=512    agcount=4, agsize=61047662 blks
         =                       sectsz=512   attr=2, projid32bit=1
         =                       crc=1        finobt=1, sparse=1, rmapbt=0
         =                       reflink=1
data     =                       bsize=4096   blocks=244190646, imaxpct=25
         =                       sunit=0      swidth=0 blks
naming   =version 2              bsize=4096   ascii-ci=0, ftype=1
log      =internal log           bsize=4096   blocks=119233, version=2
         =                       sectsz=512   sunit=0 blks, lazy-count=1
realtime =none                   extsz=4096   blocks=0, rtextents=0
Success formatting namespace:1
meta-data=/dev/nvme5n1           isize=512    agcount=4, agsize=61047662 blks
         =                       sectsz=512   attr=2, projid32bit=1
         =                       crc=1        finobt=1, sparse=1, rmapbt=0
         =                       reflink=1
data     =                       bsize=4096   blocks=244190646, imaxpct=25
         =                       sunit=0      swidth=0 blks
naming   =version 2              bsize=4096   ascii-ci=0, ftype=1
log      =internal log           bsize=4096   blocks=119233, version=2
         =                       sectsz=512   sunit=0 blks, lazy-count=1
realtime =none                   extsz=4096   blocks=0, rtextents=0
Success formatting namespace:1
meta-data=/dev/nvme5n1           isize=512    agcount=4, agsize=61047662 blks
         =                       sectsz=512   attr=2, projid32bit=1
         =                       crc=1        finobt=1, sparse=1, rmapbt=0
         =                       reflink=1
data     =                       bsize=4096   blocks=244190646, imaxpct=25
         =                       sunit=0      swidth=0 blks
naming   =version 2              bsize=4096   ascii-ci=0, ftype=1
log      =internal log           bsize=4096   blocks=119233, version=2
         =                       sectsz=512   sunit=0 blks, lazy-count=1
realtime =none                   extsz=4096   blocks=0, rtextents=0
Success formatting namespace:1
meta-data=/dev/nvme5n1           isize=512    agcount=4, agsize=61047662 blks
         =                       sectsz=512   attr=2, projid32bit=1
         =                       crc=1        finobt=1, sparse=1, rmapbt=0
         =                       reflink=1
data     =                       bsize=4096   blocks=244190646, imaxpct=25
         =                       sunit=0      swidth=0 blks
naming   =version 2              bsize=4096   ascii-ci=0, ftype=1
log      =internal log           bsize=4096   blocks=119233, version=2
         =                       sectsz=512   sunit=0 blks, lazy-count=1
realtime =none                   extsz=4096   blocks=0, rtextents=0
{'run': True, 'print_only': False}
umount /dev/nvme5n1
None
None
nvme format -s 1 /dev/nvme5n1
None
None
mkfs.xfs /dev/nvme5n1
None
None
mount /dev/nvme5n1 /mnt/nvme_test/
None
None
head -c 50G </dev/urandom >/mnt/nvme_test/fio_file
None
None
sleep 10s
None
None
modprobe -r kyber_iosched
None
None
modprobe kyber_iosched
None
None
Set parameter read_lat_nsec to 50000
Set parameter write_lat_nsec to 20000
exec bpftrace -e 'BEGIN {printf("start: %llu\n", nsecs)} tracepoint:kyber:kyber_adjust {printf("domain: %s, depth: %d, timestamp: %llu\n", args->domain, args->depth, nsecs)}' > results_kyber_vary_target_lat/rep_0/bpf_log/bpf_r256-w256_sche_kyber_r_50us_w_20us.txt
sleep 10s
None
None
/mnt/sdc/zebin/local/fio-3.35/fio --time_based=1 --ramp_time=360s --runtime=360s --ioengine=io_uring --registerfiles=1 --fixedbufs=1 --size=100% --norandommap=1 --group_reporting=1 --direct=1 --output-format=json --bs=4k --filename=/mnt/nvme_test/fio_file --write_iops_log=results_kyber_vary_target_lat/rep_0/iops_log/r256-w256_sche_kyber_r_50us_w_20us_iops --write_lat_log=results_kyber_vary_target_lat/rep_0/lat_log/r256-w256_sche_kyber_r_50us_w_20us_lat --log_avg_msec=1000 --name=1 --rw=randread --cpus_allowed=1 --iodepth=1 --name=2 --rw=randwrite --cpus_allowed=2 --iodepth=256 -o results_kyber_vary_target_lat/rep_0/fio_output/r256-w256_sche_kyber_r_50us_w_20us.txt
None
None
sleep 5s
None
None
umount /dev/nvme5n1
None
None
nvme format -s 1 /dev/nvme5n1
None
None
mkfs.xfs /dev/nvme5n1
None
None
mount /dev/nvme5n1 /mnt/nvme_test/
None
None
head -c 50G </dev/urandom >/mnt/nvme_test/fio_file
None
None
sleep 10s
None
None
modprobe -r kyber_iosched
None
None
modprobe kyber_iosched
None
None
Set parameter read_lat_nsec to 100000000
Set parameter write_lat_nsec to 20000
exec bpftrace -e 'BEGIN {printf("start: %llu\n", nsecs)} tracepoint:kyber:kyber_adjust {printf("domain: %s, depth: %d, timestamp: %llu\n", args->domain, args->depth, nsecs)}' > results_kyber_vary_target_lat/rep_0/bpf_log/bpf_r256-w256_sche_kyber_r_100ms_w_20us.txt
sleep 10s
None
None
/mnt/sdc/zebin/local/fio-3.35/fio --time_based=1 --ramp_time=360s --runtime=360s --ioengine=io_uring --registerfiles=1 --fixedbufs=1 --size=100% --norandommap=1 --group_reporting=1 --direct=1 --output-format=json --bs=4k --filename=/mnt/nvme_test/fio_file --write_iops_log=results_kyber_vary_target_lat/rep_0/iops_log/r256-w256_sche_kyber_r_100ms_w_20us_iops --write_lat_log=results_kyber_vary_target_lat/rep_0/lat_log/r256-w256_sche_kyber_r_100ms_w_20us_lat --log_avg_msec=1000 --name=1 --rw=randread --cpus_allowed=1 --iodepth=1 --name=2 --rw=randwrite --cpus_allowed=2 --iodepth=256 -o results_kyber_vary_target_lat/rep_0/fio_output/r256-w256_sche_kyber_r_100ms_w_20us.txt
None
None
sleep 5s
None
None
umount /dev/nvme5n1
None
None
nvme format -s 1 /dev/nvme5n1
None
None
mkfs.xfs /dev/nvme5n1
None
None
mount /dev/nvme5n1 /mnt/nvme_test/
None
None
head -c 50G </dev/urandom >/mnt/nvme_test/fio_file
None
None
sleep 10s
None
None
modprobe -r kyber_iosched
None
None
modprobe kyber_iosched
None
None
Set parameter read_lat_nsec to 100000000
Set parameter write_lat_nsec to 100000000
exec bpftrace -e 'BEGIN {printf("start: %llu\n", nsecs)} tracepoint:kyber:kyber_adjust {printf("domain: %s, depth: %d, timestamp: %llu\n", args->domain, args->depth, nsecs)}' > results_kyber_vary_target_lat/rep_0/bpf_log/bpf_r256-w256_sche_kyber_r_100ms_w_100ms.txt
sleep 10s
None
None
/mnt/sdc/zebin/local/fio-3.35/fio --time_based=1 --ramp_time=360s --runtime=360s --ioengine=io_uring --registerfiles=1 --fixedbufs=1 --size=100% --norandommap=1 --group_reporting=1 --direct=1 --output-format=json --bs=4k --filename=/mnt/nvme_test/fio_file --write_iops_log=results_kyber_vary_target_lat/rep_0/iops_log/r256-w256_sche_kyber_r_100ms_w_100ms_iops --write_lat_log=results_kyber_vary_target_lat/rep_0/lat_log/r256-w256_sche_kyber_r_100ms_w_100ms_lat --log_avg_msec=1000 --name=1 --rw=randread --cpus_allowed=1 --iodepth=1 --name=2 --rw=randwrite --cpus_allowed=2 --iodepth=256 -o results_kyber_vary_target_lat/rep_0/fio_output/r256-w256_sche_kyber_r_100ms_w_100ms.txt
None
None
sleep 5s
None
None
umount /dev/nvme5n1
None
None
nvme format -s 1 /dev/nvme5n1
None
None
mkfs.xfs /dev/nvme5n1
None
None
mount /dev/nvme5n1 /mnt/nvme_test/
None
None
head -c 50G </dev/urandom >/mnt/nvme_test/fio_file
None
None
sleep 10s
None
None
modprobe -r kyber_iosched
None
None
modprobe kyber_iosched
None
None
Set parameter read_lat_nsec to 50000
Set parameter write_lat_nsec to 100000000
exec bpftrace -e 'BEGIN {printf("start: %llu\n", nsecs)} tracepoint:kyber:kyber_adjust {printf("domain: %s, depth: %d, timestamp: %llu\n", args->domain, args->depth, nsecs)}' > results_kyber_vary_target_lat/rep_0/bpf_log/bpf_r256-w256_sche_kyber_r_50us_w_100ms.txt
sleep 10s
None
None
/mnt/sdc/zebin/local/fio-3.35/fio --time_based=1 --ramp_time=360s --runtime=360s --ioengine=io_uring --registerfiles=1 --fixedbufs=1 --size=100% --norandommap=1 --group_reporting=1 --direct=1 --output-format=json --bs=4k --filename=/mnt/nvme_test/fio_file --write_iops_log=results_kyber_vary_target_lat/rep_0/iops_log/r256-w256_sche_kyber_r_50us_w_100ms_iops --write_lat_log=results_kyber_vary_target_lat/rep_0/lat_log/r256-w256_sche_kyber_r_50us_w_100ms_lat --log_avg_msec=1000 --name=1 --rw=randread --cpus_allowed=1 --iodepth=1 --name=2 --rw=randwrite --cpus_allowed=2 --iodepth=256 -o results_kyber_vary_target_lat/rep_0/fio_output/r256-w256_sche_kyber_r_50us_w_100ms.txt
None
None
sleep 5s
None
None
umount /dev/nvme5n1
None
None
nvme format -s 1 /dev/nvme5n1
None
None
mkfs.xfs /dev/nvme5n1
None
None
mount /dev/nvme5n1 /mnt/nvme_test/
None
None
head -c 50G </dev/urandom >/mnt/nvme_test/fio_file
None
None
sleep 10s
None
None
modprobe -r kyber_iosched
None
None
modprobe kyber_iosched
None
None
Set parameter read_lat_nsec to 50000
Set parameter write_lat_nsec to 20000
exec bpftrace -e 'BEGIN {printf("start: %llu\n", nsecs)} tracepoint:kyber:kyber_adjust {printf("domain: %s, depth: %d, timestamp: %llu\n", args->domain, args->depth, nsecs)}' > results_kyber_vary_target_lat/rep_1/bpf_log/bpf_r256-w256_sche_kyber_r_50us_w_20us.txt
sleep 10s
None
None
/mnt/sdc/zebin/local/fio-3.35/fio --time_based=1 --ramp_time=360s --runtime=360s --ioengine=io_uring --registerfiles=1 --fixedbufs=1 --size=100% --norandommap=1 --group_reporting=1 --direct=1 --output-format=json --bs=4k --filename=/mnt/nvme_test/fio_file --write_iops_log=results_kyber_vary_target_lat/rep_1/iops_log/r256-w256_sche_kyber_r_50us_w_20us_iops --write_lat_log=results_kyber_vary_target_lat/rep_1/lat_log/r256-w256_sche_kyber_r_50us_w_20us_lat --log_avg_msec=1000 --name=1 --rw=randread --cpus_allowed=1 --iodepth=1 --name=2 --rw=randwrite --cpus_allowed=2 --iodepth=256 -o results_kyber_vary_target_lat/rep_1/fio_output/r256-w256_sche_kyber_r_50us_w_20us.txt
None
None
sleep 5s
None
None
umount /dev/nvme5n1
None
None
nvme format -s 1 /dev/nvme5n1
None
None
mkfs.xfs /dev/nvme5n1
None
None
mount /dev/nvme5n1 /mnt/nvme_test/
None
None
head -c 50G </dev/urandom >/mnt/nvme_test/fio_file
None
None
sleep 10s
None
None
modprobe -r kyber_iosched
None
None
modprobe kyber_iosched
None
None
Set parameter read_lat_nsec to 50000
Set parameter write_lat_nsec to 100000000
exec bpftrace -e 'BEGIN {printf("start: %llu\n", nsecs)} tracepoint:kyber:kyber_adjust {printf("domain: %s, depth: %d, timestamp: %llu\n", args->domain, args->depth, nsecs)}' > results_kyber_vary_target_lat/rep_1/bpf_log/bpf_r256-w256_sche_kyber_r_50us_w_100ms.txt
sleep 10s
None
None
Success formatting namespace:1
meta-data=/dev/nvme5n1           isize=512    agcount=4, agsize=61047662 blks
         =                       sectsz=512   attr=2, projid32bit=1
         =                       crc=1        finobt=1, sparse=1, rmapbt=0
         =                       reflink=1
data     =                       bsize=4096   blocks=244190646, imaxpct=25
         =                       sunit=0      swidth=0 blks
naming   =version 2              bsize=4096   ascii-ci=0, ftype=1
log      =internal log           bsize=4096   blocks=119233, version=2
         =                       sectsz=512   sunit=0 blks, lazy-count=1
realtime =none                   extsz=4096   blocks=0, rtextents=0
Success formatting namespace:1
meta-data=/dev/nvme5n1           isize=512    agcount=4, agsize=61047662 blks
         =                       sectsz=512   attr=2, projid32bit=1
         =                       crc=1        finobt=1, sparse=1, rmapbt=0
         =                       reflink=1
data     =                       bsize=4096   blocks=244190646, imaxpct=25
         =                       sunit=0      swidth=0 blks
naming   =version 2              bsize=4096   ascii-ci=0, ftype=1
log      =internal log           bsize=4096   blocks=119233, version=2
         =                       sectsz=512   sunit=0 blks, lazy-count=1
realtime =none                   extsz=4096   blocks=0, rtextents=0
Success formatting namespace:1
meta-data=/dev/nvme5n1           isize=512    agcount=4, agsize=61047662 blks
         =                       sectsz=512   attr=2, projid32bit=1
         =                       crc=1        finobt=1, sparse=1, rmapbt=0
         =                       reflink=1
data     =                       bsize=4096   blocks=244190646, imaxpct=25
         =                       sunit=0      swidth=0 blks
naming   =version 2              bsize=4096   ascii-ci=0, ftype=1
log      =internal log           bsize=4096   blocks=119233, version=2
         =                       sectsz=512   sunit=0 blks, lazy-count=1
realtime =none                   extsz=4096   blocks=0, rtextents=0
Success formatting namespace:1
meta-data=/dev/nvme5n1           isize=512    agcount=4, agsize=61047662 blks
         =                       sectsz=512   attr=2, projid32bit=1
         =                       crc=1        finobt=1, sparse=1, rmapbt=0
         =                       reflink=1
data     =                       bsize=4096   blocks=244190646, imaxpct=25
         =                       sunit=0      swidth=0 blks
naming   =version 2              bsize=4096   ascii-ci=0, ftype=1
log      =internal log           bsize=4096   blocks=119233, version=2
         =                       sectsz=512   sunit=0 blks, lazy-count=1
realtime =none                   extsz=4096   blocks=0, rtextents=0
Success formatting namespace:1
meta-data=/dev/nvme5n1           isize=512    agcount=4, agsize=61047662 blks
         =                       sectsz=512   attr=2, projid32bit=1
         =                       crc=1        finobt=1, sparse=1, rmapbt=0
         =                       reflink=1
data     =                       bsize=4096   blocks=244190646, imaxpct=25
         =                       sunit=0      swidth=0 blks
naming   =version 2              bsize=4096   ascii-ci=0, ftype=1
log      =internal log           bsize=4096   blocks=119233, version=2
         =                       sectsz=512   sunit=0 blks, lazy-count=1
realtime =none                   extsz=4096   blocks=0, rtextents=0
Success formatting namespace:1
meta-data=/dev/nvme5n1           isize=512    agcount=4, agsize=61047662 blks
         =                       sectsz=512   attr=2, projid32bit=1
         =                       crc=1        finobt=1, sparse=1, rmapbt=0
         =                       reflink=1
data     =                       bsize=4096   blocks=244190646, imaxpct=25
         =                       sunit=0      swidth=0 blks
naming   =version 2              bsize=4096   ascii-ci=0, ftype=1
log      =internal log           bsize=4096   blocks=119233, version=2
         =                       sectsz=512   sunit=0 blks, lazy-count=1
realtime =none                   extsz=4096   blocks=0, rtextents=0
/mnt/sdc/zebin/local/fio-3.35/fio --time_based=1 --ramp_time=360s --runtime=360s --ioengine=io_uring --registerfiles=1 --fixedbufs=1 --size=100% --norandommap=1 --group_reporting=1 --direct=1 --output-format=json --bs=4k --filename=/mnt/nvme_test/fio_file --write_iops_log=results_kyber_vary_target_lat/rep_1/iops_log/r256-w256_sche_kyber_r_50us_w_100ms_iops --write_lat_log=results_kyber_vary_target_lat/rep_1/lat_log/r256-w256_sche_kyber_r_50us_w_100ms_lat --log_avg_msec=1000 --name=1 --rw=randread --cpus_allowed=1 --iodepth=1 --name=2 --rw=randwrite --cpus_allowed=2 --iodepth=256 -o results_kyber_vary_target_lat/rep_1/fio_output/r256-w256_sche_kyber_r_50us_w_100ms.txt
None
None
sleep 5s
None
None
umount /dev/nvme5n1
None
None
nvme format -s 1 /dev/nvme5n1
None
None
mkfs.xfs /dev/nvme5n1
None
None
mount /dev/nvme5n1 /mnt/nvme_test/
None
None
head -c 50G </dev/urandom >/mnt/nvme_test/fio_file
None
None
sleep 10s
None
None
modprobe -r kyber_iosched
None
None
modprobe kyber_iosched
None
None
Set parameter read_lat_nsec to 100000000
Set parameter write_lat_nsec to 20000
exec bpftrace -e 'BEGIN {printf("start: %llu\n", nsecs)} tracepoint:kyber:kyber_adjust {printf("domain: %s, depth: %d, timestamp: %llu\n", args->domain, args->depth, nsecs)}' > results_kyber_vary_target_lat/rep_1/bpf_log/bpf_r256-w256_sche_kyber_r_100ms_w_20us.txt
sleep 10s
None
None
/mnt/sdc/zebin/local/fio-3.35/fio --time_based=1 --ramp_time=360s --runtime=360s --ioengine=io_uring --registerfiles=1 --fixedbufs=1 --size=100% --norandommap=1 --group_reporting=1 --direct=1 --output-format=json --bs=4k --filename=/mnt/nvme_test/fio_file --write_iops_log=results_kyber_vary_target_lat/rep_1/iops_log/r256-w256_sche_kyber_r_100ms_w_20us_iops --write_lat_log=results_kyber_vary_target_lat/rep_1/lat_log/r256-w256_sche_kyber_r_100ms_w_20us_lat --log_avg_msec=1000 --name=1 --rw=randread --cpus_allowed=1 --iodepth=1 --name=2 --rw=randwrite --cpus_allowed=2 --iodepth=256 -o results_kyber_vary_target_lat/rep_1/fio_output/r256-w256_sche_kyber_r_100ms_w_20us.txt
None
None
sleep 5s
None
None
umount /dev/nvme5n1
None
None
nvme format -s 1 /dev/nvme5n1
None
None
mkfs.xfs /dev/nvme5n1
None
None
mount /dev/nvme5n1 /mnt/nvme_test/
None
None
head -c 50G </dev/urandom >/mnt/nvme_test/fio_file
None
None
sleep 10s
None
None
modprobe -r kyber_iosched
None
None
modprobe kyber_iosched
None
None
Set parameter read_lat_nsec to 100000000
Set parameter write_lat_nsec to 100000000
exec bpftrace -e 'BEGIN {printf("start: %llu\n", nsecs)} tracepoint:kyber:kyber_adjust {printf("domain: %s, depth: %d, timestamp: %llu\n", args->domain, args->depth, nsecs)}' > results_kyber_vary_target_lat/rep_1/bpf_log/bpf_r256-w256_sche_kyber_r_100ms_w_100ms.txt
sleep 10s
None
None
/mnt/sdc/zebin/local/fio-3.35/fio --time_based=1 --ramp_time=360s --runtime=360s --ioengine=io_uring --registerfiles=1 --fixedbufs=1 --size=100% --norandommap=1 --group_reporting=1 --direct=1 --output-format=json --bs=4k --filename=/mnt/nvme_test/fio_file --write_iops_log=results_kyber_vary_target_lat/rep_1/iops_log/r256-w256_sche_kyber_r_100ms_w_100ms_iops --write_lat_log=results_kyber_vary_target_lat/rep_1/lat_log/r256-w256_sche_kyber_r_100ms_w_100ms_lat --log_avg_msec=1000 --name=1 --rw=randread --cpus_allowed=1 --iodepth=1 --name=2 --rw=randwrite --cpus_allowed=2 --iodepth=256 -o results_kyber_vary_target_lat/rep_1/fio_output/r256-w256_sche_kyber_r_100ms_w_100ms.txt
None
None
sleep 5s
None
None
umount /dev/nvme5n1
None
None
nvme format -s 1 /dev/nvme5n1
None
None
mkfs.xfs /dev/nvme5n1
None
None
mount /dev/nvme5n1 /mnt/nvme_test/
None
None
head -c 50G </dev/urandom >/mnt/nvme_test/fio_file
None
None
sleep 10s
None
None
modprobe -r kyber_iosched
None
None
modprobe kyber_iosched
None
None
Set parameter read_lat_nsec to 100000000
Set parameter write_lat_nsec to 20000
exec bpftrace -e 'BEGIN {printf("start: %llu\n", nsecs)} tracepoint:kyber:kyber_adjust {printf("domain: %s, depth: %d, timestamp: %llu\n", args->domain, args->depth, nsecs)}' > results_kyber_vary_target_lat/rep_2/bpf_log/bpf_r256-w256_sche_kyber_r_100ms_w_20us.txt
sleep 10s
None
None
/mnt/sdc/zebin/local/fio-3.35/fio --time_based=1 --ramp_time=360s --runtime=360s --ioengine=io_uring --registerfiles=1 --fixedbufs=1 --size=100% --norandommap=1 --group_reporting=1 --direct=1 --output-format=json --bs=4k --filename=/mnt/nvme_test/fio_file --write_iops_log=results_kyber_vary_target_lat/rep_2/iops_log/r256-w256_sche_kyber_r_100ms_w_20us_iops --write_lat_log=results_kyber_vary_target_lat/rep_2/lat_log/r256-w256_sche_kyber_r_100ms_w_20us_lat --log_avg_msec=1000 --name=1 --rw=randread --cpus_allowed=1 --iodepth=1 --name=2 --rw=randwrite --cpus_allowed=2 --iodepth=256 -o results_kyber_vary_target_lat/rep_2/fio_output/r256-w256_sche_kyber_r_100ms_w_20us.txt
None
None
sleep 5s
None
None
umount /dev/nvme5n1
None
None
nvme format -s 1 /dev/nvme5n1
None
None
mkfs.xfs /dev/nvme5n1
None
None
mount /dev/nvme5n1 /mnt/nvme_test/
None
None
head -c 50G </dev/urandom >/mnt/nvme_test/fio_file
None
None
sleep 10s
None
None
modprobe -r kyber_iosched
None
None
modprobe kyber_iosched
None
None
Set parameter read_lat_nsec to 50000
Set parameter write_lat_nsec to 100000000
exec bpftrace -e 'BEGIN {printf("start: %llu\n", nsecs)} tracepoint:kyber:kyber_adjust {printf("domain: %s, depth: %d, timestamp: %llu\n", args->domain, args->depth, nsecs)}' > results_kyber_vary_target_lat/rep_2/bpf_log/bpf_r256-w256_sche_kyber_r_50us_w_100ms.txt
sleep 10s
None
None
/mnt/sdc/zebin/local/fio-3.35/fio --time_based=1 --ramp_time=360s --runtime=360s --ioengine=io_uring --registerfiles=1 --fixedbufs=1 --size=100% --norandommap=1 --group_reporting=1 --direct=1 --output-format=json --bs=4k --filename=/mnt/nvme_test/fio_file --write_iops_log=results_kyber_vary_target_lat/rep_2/iops_log/r256-w256_sche_kyber_r_50us_w_100ms_iops --write_lat_log=results_kyber_vary_target_lat/rep_2/lat_log/r256-w256_sche_kyber_r_50us_w_100ms_lat --log_avg_msec=1000 --name=1 --rw=randread --cpus_allowed=1 --iodepth=1 --name=2 --rw=randwrite --cpus_allowed=2 --iodepth=256 -o results_kyber_vary_target_lat/rep_2/fio_output/r256-w256_sche_kyber_r_50us_w_100ms.txt
None
None
sleep 5s
None
None
umount /dev/nvme5n1
None
None
nvme format -s 1 /dev/nvme5n1
None
None
mkfs.xfs /dev/nvme5n1
None
None
mount /dev/nvme5n1 /mnt/nvme_test/
None
None
head -c 50G </dev/urandom >/mnt/nvme_test/fio_file
None
None
sleep 10s
None
None
modprobe -r kyber_iosched
None
None
modprobe kyber_iosched
None
None
Set parameter read_lat_nsec to 100000000
Set parameter write_lat_nsec to 100000000
exec bpftrace -e 'BEGIN {printf("start: %llu\n", nsecs)} tracepoint:kyber:kyber_adjust {printf("domain: %s, depth: %d, timestamp: %llu\n", args->domain, args->depth, nsecs)}' > results_kyber_vary_target_lat/rep_2/bpf_log/bpf_r256-w256_sche_kyber_r_100ms_w_100ms.txt
sleep 10s
None
None
/mnt/sdc/zebin/local/fio-3.35/fio --time_based=1 --ramp_time=360s --runtime=360s --ioengine=io_uring --registerfiles=1 --fixedbufs=1 --size=100% --norandommap=1 --group_reporting=1 --direct=1 --output-format=json --bs=4k --filename=/mnt/nvme_test/fio_file --write_iops_log=results_kyber_vary_target_lat/rep_2/iops_log/r256-w256_sche_kyber_r_100ms_w_100ms_iops --write_lat_log=results_kyber_vary_target_lat/rep_2/lat_log/r256-w256_sche_kyber_r_100ms_w_100ms_lat --log_avg_msec=1000 --name=1 --rw=randread --cpus_allowed=1 --iodepth=1 --name=2 --rw=randwrite --cpus_allowed=2 --iodepth=256 -o results_kyber_vary_target_lat/rep_2/fio_output/r256-w256_sche_kyber_r_100ms_w_100ms.txt
None
None
sleep 5s
None
None
umount /dev/nvme5n1
None
None
nvme format -s 1 /dev/nvme5n1
None
None
mkfs.xfs /dev/nvme5n1
None
None
mount /dev/nvme5n1 /mnt/nvme_test/
None
None
head -c 50G </dev/urandom >/mnt/nvme_test/fio_file
None
None
sleep 10s
None
None
modprobe -r kyber_iosched
None
None
modprobe kyber_iosched
None
None
Set parameter read_lat_nsec to 50000
Set parameter write_lat_nsec to 20000
exec bpftrace -e 'BEGIN {printf("start: %llu\n", nsecs)} tracepoint:kyber:kyber_adjust {printf("domain: %s, depth: %d, timestamp: %llu\n", args->domain, args->depth, nsecs)}' > results_kyber_vary_target_lat/rep_2/bpf_log/bpf_r256-w256_sche_kyber_r_50us_w_20us.txt
Success formatting namespace:1
meta-data=/dev/nvme5n1           isize=512    agcount=4, agsize=61047662 blks
         =                       sectsz=512   attr=2, projid32bit=1
         =                       crc=1        finobt=1, sparse=1, rmapbt=0
         =                       reflink=1
data     =                       bsize=4096   blocks=244190646, imaxpct=25
         =                       sunit=0      swidth=0 blks
naming   =version 2              bsize=4096   ascii-ci=0, ftype=1
log      =internal log           bsize=4096   blocks=119233, version=2
         =                       sectsz=512   sunit=0 blks, lazy-count=1
realtime =none                   extsz=4096   blocks=0, rtextents=0
Success formatting namespace:1
meta-data=/dev/nvme5n1           isize=512    agcount=4, agsize=61047662 blks
         =                       sectsz=512   attr=2, projid32bit=1
         =                       crc=1        finobt=1, sparse=1, rmapbt=0
         =                       reflink=1
data     =                       bsize=4096   blocks=244190646, imaxpct=25
         =                       sunit=0      swidth=0 blks
naming   =version 2              bsize=4096   ascii-ci=0, ftype=1
log      =internal log           bsize=4096   blocks=119233, version=2
         =                       sectsz=512   sunit=0 blks, lazy-count=1
realtime =none                   extsz=4096   blocks=0, rtextents=0
Success formatting namespace:1
meta-data=/dev/nvme5n1           isize=512    agcount=4, agsize=61047662 blks
         =                       sectsz=512   attr=2, projid32bit=1
         =                       crc=1        finobt=1, sparse=1, rmapbt=0
         =                       reflink=1
data     =                       bsize=4096   blocks=244190646, imaxpct=25
         =                       sunit=0      swidth=0 blks
naming   =version 2              bsize=4096   ascii-ci=0, ftype=1
log      =internal log           bsize=4096   blocks=119233, version=2
         =                       sectsz=512   sunit=0 blks, lazy-count=1
realtime =none                   extsz=4096   blocks=0, rtextents=0
Success formatting namespace:1
meta-data=/dev/nvme5n1           isize=512    agcount=4, agsize=61047662 blks
         =                       sectsz=512   attr=2, projid32bit=1
         =                       crc=1        finobt=1, sparse=1, rmapbt=0
         =                       reflink=1
data     =                       bsize=4096   blocks=244190646, imaxpct=25
         =                       sunit=0      swidth=0 blks
naming   =version 2              bsize=4096   ascii-ci=0, ftype=1
log      =internal log           bsize=4096   blocks=119233, version=2
         =                       sectsz=512   sunit=0 blks, lazy-count=1
realtime =none                   extsz=4096   blocks=0, rtextents=0
Success formatting namespace:1
meta-data=/dev/nvme5n1           isize=512    agcount=4, agsize=61047662 blks
         =                       sectsz=512   attr=2, projid32bit=1
         =                       crc=1        finobt=1, sparse=1, rmapbt=0
         =                       reflink=1
data     =                       bsize=4096   blocks=244190646, imaxpct=25
         =                       sunit=0      swidth=0 blks
naming   =version 2              bsize=4096   ascii-ci=0, ftype=1
log      =internal log           bsize=4096   blocks=119233, version=2
         =                       sectsz=512   sunit=0 blks, lazy-count=1
realtime =none                   extsz=4096   blocks=0, rtextents=0
Success formatting namespace:1
meta-data=/dev/nvme5n1           isize=512    agcount=4, agsize=61047662 blks
         =                       sectsz=512   attr=2, projid32bit=1
         =                       crc=1        finobt=1, sparse=1, rmapbt=0
         =                       reflink=1
data     =                       bsize=4096   blocks=244190646, imaxpct=25
         =                       sunit=0      swidth=0 blks
naming   =version 2              bsize=4096   ascii-ci=0, ftype=1
log      =internal log           bsize=4096   blocks=119233, version=2
         =                       sectsz=512   sunit=0 blks, lazy-count=1
realtime =none                   extsz=4096   blocks=0, rtextents=0
sleep 10s
None
None
/mnt/sdc/zebin/local/fio-3.35/fio --time_based=1 --ramp_time=360s --runtime=360s --ioengine=io_uring --registerfiles=1 --fixedbufs=1 --size=100% --norandommap=1 --group_reporting=1 --direct=1 --output-format=json --bs=4k --filename=/mnt/nvme_test/fio_file --write_iops_log=results_kyber_vary_target_lat/rep_2/iops_log/r256-w256_sche_kyber_r_50us_w_20us_iops --write_lat_log=results_kyber_vary_target_lat/rep_2/lat_log/r256-w256_sche_kyber_r_50us_w_20us_lat --log_avg_msec=1000 --name=1 --rw=randread --cpus_allowed=1 --iodepth=1 --name=2 --rw=randwrite --cpus_allowed=2 --iodepth=256 -o results_kyber_vary_target_lat/rep_2/fio_output/r256-w256_sche_kyber_r_50us_w_20us.txt
None
None
sleep 5s
None
None
umount /dev/nvme5n1
None
None
nvme format -s 1 /dev/nvme5n1
None
None
mkfs.xfs /dev/nvme5n1
None
None
mount /dev/nvme5n1 /mnt/nvme_test/
None
None
head -c 50G </dev/urandom >/mnt/nvme_test/fio_file
None
None
sleep 10s
None
None
modprobe -r kyber_iosched
None
None
modprobe kyber_iosched
None
None
Set parameter read_lat_nsec to 100000000
Set parameter write_lat_nsec to 20000
exec bpftrace -e 'BEGIN {printf("start: %llu\n", nsecs)} tracepoint:kyber:kyber_adjust {printf("domain: %s, depth: %d, timestamp: %llu\n", args->domain, args->depth, nsecs)}' > results_kyber_vary_target_lat/rep_3/bpf_log/bpf_r256-w256_sche_kyber_r_100ms_w_20us.txt
sleep 10s
None
None
/mnt/sdc/zebin/local/fio-3.35/fio --time_based=1 --ramp_time=360s --runtime=360s --ioengine=io_uring --registerfiles=1 --fixedbufs=1 --size=100% --norandommap=1 --group_reporting=1 --direct=1 --output-format=json --bs=4k --filename=/mnt/nvme_test/fio_file --write_iops_log=results_kyber_vary_target_lat/rep_3/iops_log/r256-w256_sche_kyber_r_100ms_w_20us_iops --write_lat_log=results_kyber_vary_target_lat/rep_3/lat_log/r256-w256_sche_kyber_r_100ms_w_20us_lat --log_avg_msec=1000 --name=1 --rw=randread --cpus_allowed=1 --iodepth=1 --name=2 --rw=randwrite --cpus_allowed=2 --iodepth=256 -o results_kyber_vary_target_lat/rep_3/fio_output/r256-w256_sche_kyber_r_100ms_w_20us.txt
None
None
sleep 5s
None
None
umount /dev/nvme5n1
None
None
nvme format -s 1 /dev/nvme5n1
None
None
mkfs.xfs /dev/nvme5n1
None
None
mount /dev/nvme5n1 /mnt/nvme_test/
None
None
head -c 50G </dev/urandom >/mnt/nvme_test/fio_file
None
None
sleep 10s
None
None
modprobe -r kyber_iosched
None
None
modprobe kyber_iosched
None
None
Set parameter read_lat_nsec to 100000000
Set parameter write_lat_nsec to 100000000
exec bpftrace -e 'BEGIN {printf("start: %llu\n", nsecs)} tracepoint:kyber:kyber_adjust {printf("domain: %s, depth: %d, timestamp: %llu\n", args->domain, args->depth, nsecs)}' > results_kyber_vary_target_lat/rep_3/bpf_log/bpf_r256-w256_sche_kyber_r_100ms_w_100ms.txt
sleep 10s
None
None
/mnt/sdc/zebin/local/fio-3.35/fio --time_based=1 --ramp_time=360s --runtime=360s --ioengine=io_uring --registerfiles=1 --fixedbufs=1 --size=100% --norandommap=1 --group_reporting=1 --direct=1 --output-format=json --bs=4k --filename=/mnt/nvme_test/fio_file --write_iops_log=results_kyber_vary_target_lat/rep_3/iops_log/r256-w256_sche_kyber_r_100ms_w_100ms_iops --write_lat_log=results_kyber_vary_target_lat/rep_3/lat_log/r256-w256_sche_kyber_r_100ms_w_100ms_lat --log_avg_msec=1000 --name=1 --rw=randread --cpus_allowed=1 --iodepth=1 --name=2 --rw=randwrite --cpus_allowed=2 --iodepth=256 -o results_kyber_vary_target_lat/rep_3/fio_output/r256-w256_sche_kyber_r_100ms_w_100ms.txt
None
None
sleep 5s
None
None
umount /dev/nvme5n1
None
None
nvme format -s 1 /dev/nvme5n1
None
None
mkfs.xfs /dev/nvme5n1
None
None
mount /dev/nvme5n1 /mnt/nvme_test/
None
None
head -c 50G </dev/urandom >/mnt/nvme_test/fio_file
None
None
sleep 10s
None
None
modprobe -r kyber_iosched
None
None
modprobe kyber_iosched
None
None
Set parameter read_lat_nsec to 50000
Set parameter write_lat_nsec to 100000000
exec bpftrace -e 'BEGIN {printf("start: %llu\n", nsecs)} tracepoint:kyber:kyber_adjust {printf("domain: %s, depth: %d, timestamp: %llu\n", args->domain, args->depth, nsecs)}' > results_kyber_vary_target_lat/rep_3/bpf_log/bpf_r256-w256_sche_kyber_r_50us_w_100ms.txt
sleep 10s
None
None
/mnt/sdc/zebin/local/fio-3.35/fio --time_based=1 --ramp_time=360s --runtime=360s --ioengine=io_uring --registerfiles=1 --fixedbufs=1 --size=100% --norandommap=1 --group_reporting=1 --direct=1 --output-format=json --bs=4k --filename=/mnt/nvme_test/fio_file --write_iops_log=results_kyber_vary_target_lat/rep_3/iops_log/r256-w256_sche_kyber_r_50us_w_100ms_iops --write_lat_log=results_kyber_vary_target_lat/rep_3/lat_log/r256-w256_sche_kyber_r_50us_w_100ms_lat --log_avg_msec=1000 --name=1 --rw=randread --cpus_allowed=1 --iodepth=1 --name=2 --rw=randwrite --cpus_allowed=2 --iodepth=256 -o results_kyber_vary_target_lat/rep_3/fio_output/r256-w256_sche_kyber_r_50us_w_100ms.txt
None
None
sleep 5s
None
None
umount /dev/nvme5n1
None
None
nvme format -s 1 /dev/nvme5n1
None
None
mkfs.xfs /dev/nvme5n1
None
None
mount /dev/nvme5n1 /mnt/nvme_test/
None
None
head -c 50G </dev/urandom >/mnt/nvme_test/fio_file
None
None
sleep 10s
None
None
modprobe -r kyber_iosched
None
None
modprobe kyber_iosched
None
None
Set parameter read_lat_nsec to 50000
Set parameter write_lat_nsec to 20000
exec bpftrace -e 'BEGIN {printf("start: %llu\n", nsecs)} tracepoint:kyber:kyber_adjust {printf("domain: %s, depth: %d, timestamp: %llu\n", args->domain, args->depth, nsecs)}' > results_kyber_vary_target_lat/rep_3/bpf_log/bpf_r256-w256_sche_kyber_r_50us_w_20us.txt
sleep 10s
None
None
/mnt/sdc/zebin/local/fio-3.35/fio --time_based=1 --ramp_time=360s --runtime=360s --ioengine=io_uring --registerfiles=1 --fixedbufs=1 --size=100% --norandommap=1 --group_reporting=1 --direct=1 --output-format=json --bs=4k --filename=/mnt/nvme_test/fio_file --write_iops_log=results_kyber_vary_target_lat/rep_3/iops_log/r256-w256_sche_kyber_r_50us_w_20us_iops --write_lat_log=results_kyber_vary_target_lat/rep_3/lat_log/r256-w256_sche_kyber_r_50us_w_20us_lat --log_avg_msec=1000 --name=1 --rw=randread --cpus_allowed=1 --iodepth=1 --name=2 --rw=randwrite --cpus_allowed=2 --iodepth=256 -o results_kyber_vary_target_lat/rep_3/fio_output/r256-w256_sche_kyber_r_50us_w_20us.txt
None
None
sleep 5s
None
None
umount /dev/nvme5n1
None
None
nvme format -s 1 /dev/nvme5n1
None
None
mkfs.xfs /dev/nvme5n1
None
None
mount /dev/nvme5n1 /mnt/nvme_test/
None
None
head -c 50G </dev/urandom >/mnt/nvme_test/fio_file
None
None
sleep 10s
None
None
modprobe -r kyber_iosched
None
None
modprobe kyber_iosched
None
None
Set parameter read_lat_nsec to 100000000
Set parameter write_lat_nsec to 100000000
exec bpftrace -e 'BEGIN {printf("start: %llu\n", nsecs)} tracepoint:kyber:kyber_adjust {printf("domain: %s, depth: %d, timestamp: %llu\n", args->domain, args->depth, nsecs)}' > results_kyber_vary_target_lat/rep_4/bpf_log/bpf_r256-w256_sche_kyber_r_100ms_w_100ms.txt
sleep 10s
None
None
/mnt/sdc/zebin/local/fio-3.35/fio --time_based=1 --ramp_time=360s --runtime=360s --ioengine=io_uring --registerfiles=1 --fixedbufs=1 --size=100% --norandommap=1 --group_reporting=1 --direct=1 --output-format=json --bs=4k --filename=/mnt/nvme_test/fio_file --write_iops_log=results_kyber_vary_target_lat/rep_4/iops_log/r256-w256_sche_kyber_r_100ms_w_100ms_iops --write_lat_log=results_kyber_vary_target_lat/rep_4/lat_log/r256-w256_sche_kyber_r_100ms_w_100ms_lat --log_avg_msec=1000 --name=1 --rw=randread --cpus_allowed=1 --iodepth=1 --name=2 --rw=randwrite --cpus_allowed=2 --iodepth=256 -o results_kyber_vary_target_lat/rep_4/fio_output/r256-w256_sche_kyber_r_100ms_w_100ms.txt
None
None
sleep 5s
None
None
umount /dev/nvme5n1
None
None
nvme format -s 1 /dev/nvme5n1
None
None
mkfs.xfs /dev/nvme5n1
None
None
mount /dev/nvme5n1 /mnt/nvme_test/
None
None
head -c 50G </dev/urandom >/mnt/nvme_test/fio_file
None
None
sleep 10s
None
None
modprobe -r kyber_iosched
None
None
modprobe kyber_iosched
None
None
Set parameter read_lat_nsec to 50000
Set parameter write_lat_nsec to 100000000
Success formatting namespace:1
meta-data=/dev/nvme5n1           isize=512    agcount=4, agsize=61047662 blks
         =                       sectsz=512   attr=2, projid32bit=1
         =                       crc=1        finobt=1, sparse=1, rmapbt=0
         =                       reflink=1
data     =                       bsize=4096   blocks=244190646, imaxpct=25
         =                       sunit=0      swidth=0 blks
naming   =version 2              bsize=4096   ascii-ci=0, ftype=1
log      =internal log           bsize=4096   blocks=119233, version=2
         =                       sectsz=512   sunit=0 blks, lazy-count=1
realtime =none                   extsz=4096   blocks=0, rtextents=0
Success formatting namespace:1
meta-data=/dev/nvme5n1           isize=512    agcount=4, agsize=61047662 blks
         =                       sectsz=512   attr=2, projid32bit=1
         =                       crc=1        finobt=1, sparse=1, rmapbt=0
         =                       reflink=1
data     =                       bsize=4096   blocks=244190646, imaxpct=25
         =                       sunit=0      swidth=0 blks
naming   =version 2              bsize=4096   ascii-ci=0, ftype=1
log      =internal log           bsize=4096   blocks=119233, version=2
         =                       sectsz=512   sunit=0 blks, lazy-count=1
realtime =none                   extsz=4096   blocks=0, rtextents=0
exec bpftrace -e 'BEGIN {printf("start: %llu\n", nsecs)} tracepoint:kyber:kyber_adjust {printf("domain: %s, depth: %d, timestamp: %llu\n", args->domain, args->depth, nsecs)}' > results_kyber_vary_target_lat/rep_4/bpf_log/bpf_r256-w256_sche_kyber_r_50us_w_100ms.txt
sleep 10s
None
None
/mnt/sdc/zebin/local/fio-3.35/fio --time_based=1 --ramp_time=360s --runtime=360s --ioengine=io_uring --registerfiles=1 --fixedbufs=1 --size=100% --norandommap=1 --group_reporting=1 --direct=1 --output-format=json --bs=4k --filename=/mnt/nvme_test/fio_file --write_iops_log=results_kyber_vary_target_lat/rep_4/iops_log/r256-w256_sche_kyber_r_50us_w_100ms_iops --write_lat_log=results_kyber_vary_target_lat/rep_4/lat_log/r256-w256_sche_kyber_r_50us_w_100ms_lat --log_avg_msec=1000 --name=1 --rw=randread --cpus_allowed=1 --iodepth=1 --name=2 --rw=randwrite --cpus_allowed=2 --iodepth=256 -o results_kyber_vary_target_lat/rep_4/fio_output/r256-w256_sche_kyber_r_50us_w_100ms.txt
None
None
sleep 5s
None
None
umount /dev/nvme5n1
None
None
nvme format -s 1 /dev/nvme5n1
None
None
mkfs.xfs /dev/nvme5n1
None
None
mount /dev/nvme5n1 /mnt/nvme_test/
None
None
head -c 50G </dev/urandom >/mnt/nvme_test/fio_file
None
None
sleep 10s
None
None
modprobe -r kyber_iosched
None
None
modprobe kyber_iosched
None
None
Set parameter read_lat_nsec to 50000
Set parameter write_lat_nsec to 20000
exec bpftrace -e 'BEGIN {printf("start: %llu\n", nsecs)} tracepoint:kyber:kyber_adjust {printf("domain: %s, depth: %d, timestamp: %llu\n", args->domain, args->depth, nsecs)}' > results_kyber_vary_target_lat/rep_4/bpf_log/bpf_r256-w256_sche_kyber_r_50us_w_20us.txt
sleep 10s
None
None
/mnt/sdc/zebin/local/fio-3.35/fio --time_based=1 --ramp_time=360s --runtime=360s --ioengine=io_uring --registerfiles=1 --fixedbufs=1 --size=100% --norandommap=1 --group_reporting=1 --direct=1 --output-format=json --bs=4k --filename=/mnt/nvme_test/fio_file --write_iops_log=results_kyber_vary_target_lat/rep_4/iops_log/r256-w256_sche_kyber_r_50us_w_20us_iops --write_lat_log=results_kyber_vary_target_lat/rep_4/lat_log/r256-w256_sche_kyber_r_50us_w_20us_lat --log_avg_msec=1000 --name=1 --rw=randread --cpus_allowed=1 --iodepth=1 --name=2 --rw=randwrite --cpus_allowed=2 --iodepth=256 -o results_kyber_vary_target_lat/rep_4/fio_output/r256-w256_sche_kyber_r_50us_w_20us.txt
None
None
sleep 5s
None
None
umount /dev/nvme5n1
None
None
nvme format -s 1 /dev/nvme5n1
None
None
mkfs.xfs /dev/nvme5n1
None
None
mount /dev/nvme5n1 /mnt/nvme_test/
None
None
head -c 50G </dev/urandom >/mnt/nvme_test/fio_file
None
None
sleep 10s
None
None
modprobe -r kyber_iosched
None
None
modprobe kyber_iosched
None
None
Set parameter read_lat_nsec to 100000000
Set parameter write_lat_nsec to 20000
exec bpftrace -e 'BEGIN {printf("start: %llu\n", nsecs)} tracepoint:kyber:kyber_adjust {printf("domain: %s, depth: %d, timestamp: %llu\n", args->domain, args->depth, nsecs)}' > results_kyber_vary_target_lat/rep_4/bpf_log/bpf_r256-w256_sche_kyber_r_100ms_w_20us.txt
sleep 10s
None
None
/mnt/sdc/zebin/local/fio-3.35/fio --time_based=1 --ramp_time=360s --runtime=360s --ioengine=io_uring --registerfiles=1 --fixedbufs=1 --size=100% --norandommap=1 --group_reporting=1 --direct=1 --output-format=json --bs=4k --filename=/mnt/nvme_test/fio_file --write_iops_log=results_kyber_vary_target_lat/rep_4/iops_log/r256-w256_sche_kyber_r_100ms_w_20us_iops --write_lat_log=results_kyber_vary_target_lat/rep_4/lat_log/r256-w256_sche_kyber_r_100ms_w_20us_lat --log_avg_msec=1000 --name=1 --rw=randread --cpus_allowed=1 --iodepth=1 --name=2 --rw=randwrite --cpus_allowed=2 --iodepth=256 -o results_kyber_vary_target_lat/rep_4/fio_output/r256-w256_sche_kyber_r_100ms_w_20us.txt
None
None
sleep 5s
None
None
###########Result without std###########
READ IOPS
& 20us & 100ms
50us & 15.3 & 17.5 & \\
100ms & 14.8 & 14.6 & \\

WRITE IOPS
& 20us & 100ms
50us & 126.4 & 73.3 & \\
100ms & 147.0 & 146.0 & \\

READ latency in ms
& 20us & 100ms
50us & 0.2 & 0.2 & \\
100ms & 0.2 & 0.2 & \\

Write latency in ms
& 20us & 100ms
50us & 2.1 & 3.8 & \\
100ms & 2.0 & 2.0 & \\

###########Result with std###########
READ IOPS
& 20us & 100ms
50us & 15.3 (0.5) & 17.5 (0.0) & \\
100ms & 14.8 (0.1) & 14.6 (0.4) & \\

WRITE IOPS
& 20us & 100ms
50us & 126.4 (1.8) & 73.3 (0.3) & \\
100ms & 147.0 (1.9) & 146.0 (2.6) & \\

READ latency in ms
& 20us & 100ms
50us & 0.2 (0.0) & 0.2 (0.0) & \\
100ms & 0.2 (0.0) & 0.2 (0.0) & \\

Write latency in ms
& 20us & 100ms
50us & 2.1 (0.0) & 3.8 (0.0) & \\
100ms & 2.0 (0.0) & 2.0 (0.0) & \\

